// Jest Snapshot v1, https://goo.gl/fbAQLP

exports[`application generator should create Dockerfile for npm package manager 1`] = `
"
FROM node:20-alpine as base

FROM base as builder

ARG MONGO_URL
ARG NODE_ENV
ARG PAYLOAD_PUBLIC_SERVER_URL
ARG PORT

ENV MONGO_URL=\${MONGO_URL}
ENV NODE_ENV=\${NODE_ENV}
ENV PAYLOAD_PUBLIC_SERVER_URL=\${PAYLOAD_PUBLIC_SERVER_URL}
ENV PORT=\${PORT}

WORKDIR /app

COPY package.json ./

RUN npm install

COPY . .

RUN npx nx build test-app

# We'll create a structure similar to scaffolding a default payload workspace.
# Admin build output should match \`buildPath\` in payload.config.ts.
FROM base as runtime

ENV NODE_ENV production

WORKDIR /app

COPY --from=builder /app/dist/apps/test-dir/package.json ./

RUN npm install --omit=dev

COPY --from=builder /app/dist/apps/test-dir/src   ./dist
COPY --from=builder /app/dist/apps/test-dir/build ./dist/apps/test-dir/build

EXPOSE 3000

CMD ["node", "dist/main.js"]
"
`;
